<html>
<body>
<pre>
<h1>µVision Build Log</h1>
<h2>Project:</h2>
D:\College\3rd CSE\Microprocessors Based Systems\GPS_Project\GPS_Project.uvproj
Project File Date:  05/25/2021

<h2>Output:</h2>
Build target 'Target 1'
linking...
Program Size: Code=816 RO-data=636 RW-data=0 ZI-data=608  
".\GPS_Project.axf" - 0 Error(s), 0 Warning(s).
</pre>
</body>
</html>

"lcd_driver.c" - 0 Error(s), 0 Warning(s).
 lcd_driver.c...
"lcd_driver.c" - 0 Error(s), 0 Warning(s).
and 1 error messages.
".\GPS_Project.axf" - 1 Error(s), 0 Warning(s).
Target not created

lcd_driver.c: 0 warnings, 2 errors
"lcd_driver.c" - 2 Error(s), 0 Warning(s).
compiling lcd_driver.c...
"lcd_driver.c" - 0 Error(s), 0 Warning(s).
