ARM Linker, 5.03 [Build 76] [MDK-ARM Lite]

==============================================================================

Section Cross References

    startup_tm4c123.o(RESET) refers to startup_tm4c123.o(STACK) for __initial_sp
    startup_tm4c123.o(RESET) refers to startup_tm4c123.o(.text) for Reset_Handler
    startup_tm4c123.o(.text) refers to main.o(.text) for SystemInit
    startup_tm4c123.o(.text) refers to __main.o(!!!main) for __main
    startup_tm4c123.o(.text) refers to startup_tm4c123.o(HEAP) for Heap_Mem
    startup_tm4c123.o(.text) refers to startup_tm4c123.o(STACK) for Stack_Mem
    uart.o(.text) refers to fflt_clz.o(x$fpl$fflt) for __aeabi_i2f
    uart.o(.text) refers to fmul.o(x$fpl$fmul) for __aeabi_fmul
    uart.o(.text) refers to fdiv.o(x$fpl$fdiv) for __aeabi_fdiv
    uart.o(.text) refers to ffix.o(x$fpl$ffix) for __aeabi_f2iz
    uart.o(.text) refers to faddsub_clz.o(x$fpl$frsb) for __aeabi_frsub
    uart.o(.text) refers to f2d.o(x$fpl$f2d) for __aeabi_f2d
    uart.o(.text) refers to daddsub_clz.o(x$fpl$dadd) for __aeabi_dadd
    uart.o(.text) refers to dfix.o(x$fpl$dfix) for __aeabi_d2iz
    main.o(.text) refers to lcd_driver.o(.text) for lcd_init
    main.o(.text) refers to uart.o(.text) for UART_init
    main.o(.text) refers to systick.o(.text) for SYSTICK_init
    main.o(.text) refers to main.o(.constdata) for .constdata
    __main.o(!!!main) refers to rtentry.o(.ARM.Collect$$rtentry$$00000000) for __rt_entry
    daddsub_clz.o(x$fpl$dadd) refers (Special) to usenofp.o(x$fpl$usenofp) for __I$use$fp
    daddsub_clz.o(x$fpl$dadd) refers to daddsub_clz.o(x$fpl$dsub) for _dsub1
    daddsub_clz.o(x$fpl$dadd) refers to dretinf.o(x$fpl$dretinf) for __fpl_dretinf
    daddsub_clz.o(x$fpl$dadd) refers to dnaninf.o(x$fpl$dnaninf) for __fpl_dnaninf
    daddsub_clz.o(x$fpl$drsb) refers (Special) to usenofp.o(x$fpl$usenofp) for __I$use$fp
    daddsub_clz.o(x$fpl$drsb) refers to daddsub_clz.o(x$fpl$dadd) for _dadd1
    daddsub_clz.o(x$fpl$drsb) refers to daddsub_clz.o(x$fpl$dsub) for _dsub1
    daddsub_clz.o(x$fpl$dsub) refers (Special) to usenofp.o(x$fpl$usenofp) for __I$use$fp
    daddsub_clz.o(x$fpl$dsub) refers to daddsub_clz.o(x$fpl$dadd) for _dadd1
    daddsub_clz.o(x$fpl$dsub) refers to dnaninf.o(x$fpl$dnaninf) for __fpl_dnaninf
    dfix.o(x$fpl$dfix) refers (Special) to usenofp.o(x$fpl$usenofp) for __I$use$fp
    dfix.o(x$fpl$dfix) refers to dnaninf.o(x$fpl$dnaninf) for __fpl_dnaninf
    dfix.o(x$fpl$dfixr) refers (Special) to usenofp.o(x$fpl$usenofp) for __I$use$fp
    dfix.o(x$fpl$dfixr) refers to dnaninf.o(x$fpl$dnaninf) for __fpl_dnaninf
    f2d.o(x$fpl$f2d) refers (Special) to usenofp.o(x$fpl$usenofp) for __I$use$fp
    f2d.o(x$fpl$f2d) refers to fnaninf.o(x$fpl$fnaninf) for __fpl_fnaninf
    f2d.o(x$fpl$f2d) refers to dretinf.o(x$fpl$dretinf) for __fpl_dretinf
    faddsub_clz.o(x$fpl$fadd) refers (Special) to usenofp.o(x$fpl$usenofp) for __I$use$fp
    faddsub_clz.o(x$fpl$fadd) refers to faddsub_clz.o(x$fpl$fsub) for _fsub1
    faddsub_clz.o(x$fpl$fadd) refers to fretinf.o(x$fpl$fretinf) for __fpl_fretinf
    faddsub_clz.o(x$fpl$fadd) refers to fnaninf.o(x$fpl$fnaninf) for __fpl_fnaninf
    faddsub_clz.o(x$fpl$frsb) refers (Special) to usenofp.o(x$fpl$usenofp) for __I$use$fp
    faddsub_clz.o(x$fpl$frsb) refers to faddsub_clz.o(x$fpl$fadd) for _fadd1
    faddsub_clz.o(x$fpl$frsb) refers to faddsub_clz.o(x$fpl$fsub) for _fsub1
    faddsub_clz.o(x$fpl$fsub) refers (Special) to usenofp.o(x$fpl$usenofp) for __I$use$fp
    faddsub_clz.o(x$fpl$fsub) refers to faddsub_clz.o(x$fpl$fadd) for _fadd1
    faddsub_clz.o(x$fpl$fsub) refers to fnaninf.o(x$fpl$fnaninf) for __fpl_fnaninf
    fdiv.o(x$fpl$frdiv) refers (Special) to usenofp.o(x$fpl$usenofp) for __I$use$fp
    fdiv.o(x$fpl$frdiv) refers to fdiv.o(x$fpl$fdiv) for _fdiv1
    fdiv.o(x$fpl$fdiv) refers (Special) to usenofp.o(x$fpl$usenofp) for __I$use$fp
    fdiv.o(x$fpl$fdiv) refers to fretinf.o(x$fpl$fretinf) for __fpl_fretinf
    fdiv.o(x$fpl$fdiv) refers to fnaninf.o(x$fpl$fnaninf) for __fpl_fnaninf
    ffix.o(x$fpl$ffix) refers (Special) to usenofp.o(x$fpl$usenofp) for __I$use$fp
    ffix.o(x$fpl$ffix) refers to fnaninf.o(x$fpl$fnaninf) for __fpl_fnaninf
    ffix.o(x$fpl$ffixr) refers (Special) to usenofp.o(x$fpl$usenofp) for __I$use$fp
    ffix.o(x$fpl$ffixr) refers to fnaninf.o(x$fpl$fnaninf) for __fpl_fnaninf
    fflt_clz.o(x$fpl$ffltu) refers (Special) to usenofp.o(x$fpl$usenofp) for __I$use$fp
    fflt_clz.o(x$fpl$fflt) refers (Special) to usenofp.o(x$fpl$usenofp) for __I$use$fp
    fflt_clz.o(x$fpl$ffltn) refers (Special) to usenofp.o(x$fpl$usenofp) for __I$use$fp
    fmul.o(x$fpl$fmul) refers (Special) to usenofp.o(x$fpl$usenofp) for __I$use$fp
    fmul.o(x$fpl$fmul) refers to fretinf.o(x$fpl$fretinf) for __fpl_fretinf
    fmul.o(x$fpl$fmul) refers to fnaninf.o(x$fpl$fnaninf) for __fpl_fnaninf
    rtentry.o(.ARM.Collect$$rtentry$$00000000) refers (Special) to rtentry2.o(.ARM.Collect$$rtentry$$0000000A) for __rt_entry_li
    rtentry.o(.ARM.Collect$$rtentry$$00000000) refers (Special) to rtentry2.o(.ARM.Collect$$rtentry$$0000000D) for __rt_entry_main
    rtentry.o(.ARM.Collect$$rtentry$$00000000) refers (Special) to rtentry2.o(.ARM.Collect$$rtentry$$0000000C) for __rt_entry_postli_1
    rtentry.o(.ARM.Collect$$rtentry$$00000000) refers (Special) to rtentry2.o(.ARM.Collect$$rtentry$$00000009) for __rt_entry_postsh_1
    rtentry.o(.ARM.Collect$$rtentry$$00000000) refers (Special) to rtentry2.o(.ARM.Collect$$rtentry$$00000002) for __rt_entry_presh_1
    rtentry.o(.ARM.Collect$$rtentry$$00000000) refers (Special) to rtentry4.o(.ARM.Collect$$rtentry$$00000004) for __rt_entry_sh
    dnaninf.o(x$fpl$dnaninf) refers (Special) to usenofp.o(x$fpl$usenofp) for __I$use$fp
    dretinf.o(x$fpl$dretinf) refers (Special) to usenofp.o(x$fpl$usenofp) for __I$use$fp
    fnaninf.o(x$fpl$fnaninf) refers (Special) to usenofp.o(x$fpl$usenofp) for __I$use$fp
    fretinf.o(x$fpl$fretinf) refers (Special) to usenofp.o(x$fpl$usenofp) for __I$use$fp
    rtentry2.o(.ARM.Collect$$rtentry$$00000008) refers to boardinit2.o(.text) for _platform_post_stackheap_init
    rtentry2.o(.ARM.Collect$$rtentry$$0000000A) refers to libinit.o(.ARM.Collect$$libinit$$00000000) for __rt_lib_init
    rtentry2.o(.ARM.Collect$$rtentry$$0000000B) refers to boardinit3.o(.text) for _platform_post_lib_init
    rtentry2.o(.ARM.Collect$$rtentry$$0000000D) refers to main.o(.text) for main
    rtentry2.o(.ARM.Collect$$rtentry$$0000000D) refers to exit.o(.text) for exit
    rtentry2.o(.ARM.exidx) refers to rtentry2.o(.ARM.Collect$$rtentry$$00000001) for .ARM.Collect$$rtentry$$00000001
    rtentry2.o(.ARM.exidx) refers to rtentry2.o(.ARM.Collect$$rtentry$$00000008) for .ARM.Collect$$rtentry$$00000008
    rtentry2.o(.ARM.exidx) refers to rtentry2.o(.ARM.Collect$$rtentry$$0000000A) for .ARM.Collect$$rtentry$$0000000A
    rtentry2.o(.ARM.exidx) refers to rtentry2.o(.ARM.Collect$$rtentry$$0000000B) for .ARM.Collect$$rtentry$$0000000B
    rtentry2.o(.ARM.exidx) refers to rtentry2.o(.ARM.Collect$$rtentry$$0000000D) for .ARM.Collect$$rtentry$$0000000D
    rtentry4.o(.ARM.Collect$$rtentry$$00000004) refers to sys_stackheap_outer.o(.text) for __user_setup_stackheap
    rtentry4.o(.ARM.exidx) refers to rtentry4.o(.ARM.Collect$$rtentry$$00000004) for .ARM.Collect$$rtentry$$00000004
    sys_stackheap_outer.o(.text) refers to libspace.o(.text) for __user_perproc_libspace
    sys_stackheap_outer.o(.text) refers to startup_tm4c123.o(.text) for __user_initial_stackheap
    exit.o(.text) refers to rtexit.o(.ARM.Collect$$rtexit$$00000000) for __rt_exit
    libinit.o(.ARM.Collect$$libinit$$00000000) refers (Special) to libinit2.o(.ARM.Collect$$libinit$$0000002C) for __rt_lib_init_alloca_1
    libinit.o(.ARM.Collect$$libinit$$00000000) refers (Special) to libinit2.o(.ARM.Collect$$libinit$$0000002A) for __rt_lib_init_argv_1
    libinit.o(.ARM.Collect$$libinit$$00000000) refers (Special) to libinit2.o(.ARM.Collect$$libinit$$00000019) for __rt_lib_init_atexit_1
    libinit.o(.ARM.Collect$$libinit$$00000000) refers (Special) to libinit2.o(.ARM.Collect$$libinit$$0000001F) for __rt_lib_init_clock_1
    libinit.o(.ARM.Collect$$libinit$$00000000) refers (Special) to libinit2.o(.ARM.Collect$$libinit$$00000030) for __rt_lib_init_cpp_1
    libinit.o(.ARM.Collect$$libinit$$00000000) refers (Special) to libinit2.o(.ARM.Collect$$libinit$$0000002E) for __rt_lib_init_exceptions_1
    libinit.o(.ARM.Collect$$libinit$$00000000) refers (Special) to libinit2.o(.ARM.Collect$$libinit$$00000002) for __rt_lib_init_fp_1
    libinit.o(.ARM.Collect$$libinit$$00000000) refers (Special) to libinit2.o(.ARM.Collect$$libinit$$0000001D) for __rt_lib_init_fp_trap_1
    libinit.o(.ARM.Collect$$libinit$$00000000) refers (Special) to libinit2.o(.ARM.Collect$$libinit$$00000021) for __rt_lib_init_getenv_1
    libinit.o(.ARM.Collect$$libinit$$00000000) refers (Special) to libinit2.o(.ARM.Collect$$libinit$$00000008) for __rt_lib_init_heap_1
    libinit.o(.ARM.Collect$$libinit$$00000000) refers (Special) to libinit2.o(.ARM.Collect$$libinit$$0000000F) for __rt_lib_init_lc_collate_1
    libinit.o(.ARM.Collect$$libinit$$00000000) refers (Special) to libinit2.o(.ARM.Collect$$libinit$$00000011) for __rt_lib_init_lc_ctype_1
    libinit.o(.ARM.Collect$$libinit$$00000000) refers (Special) to libinit2.o(.ARM.Collect$$libinit$$00000013) for __rt_lib_init_lc_monetary_1
    libinit.o(.ARM.Collect$$libinit$$00000000) refers (Special) to libinit2.o(.ARM.Collect$$libinit$$00000015) for __rt_lib_init_lc_numeric_1
    libinit.o(.ARM.Collect$$libinit$$00000000) refers (Special) to libinit2.o(.ARM.Collect$$libinit$$00000017) for __rt_lib_init_lc_time_1
    libinit.o(.ARM.Collect$$libinit$$00000000) refers (Special) to libinit2.o(.ARM.Collect$$libinit$$0000000C) for __rt_lib_init_rand_1
    libinit.o(.ARM.Collect$$libinit$$00000000) refers (Special) to libinit2.o(.ARM.Collect$$libinit$$00000031) for __rt_lib_init_return
    libinit.o(.ARM.Collect$$libinit$$00000000) refers (Special) to libinit2.o(.ARM.Collect$$libinit$$0000001B) for __rt_lib_init_signal_1
    libinit.o(.ARM.Collect$$libinit$$00000000) refers (Special) to libinit2.o(.ARM.Collect$$libinit$$00000023) for __rt_lib_init_stdio_1
    libinit.o(.ARM.Collect$$libinit$$00000000) refers (Special) to libinit2.o(.ARM.Collect$$libinit$$0000000A) for __rt_lib_init_user_alloc_1
    libspace.o(.text) refers to libspace.o(.bss) for __libspace_start
    rtexit.o(.ARM.Collect$$rtexit$$00000000) refers (Special) to rtexit2.o(.ARM.Collect$$rtexit$$00000004) for __rt_exit_exit
    rtexit.o(.ARM.Collect$$rtexit$$00000000) refers (Special) to rtexit2.o(.ARM.Collect$$rtexit$$00000003) for __rt_exit_ls
    rtexit.o(.ARM.Collect$$rtexit$$00000000) refers (Special) to rtexit2.o(.ARM.Collect$$rtexit$$00000002) for __rt_exit_prels_1
    rtexit.o(.ARM.exidx) refers (Special) to rtexit2.o(.ARM.Collect$$rtexit$$00000004) for __rt_exit_exit
    rtexit.o(.ARM.exidx) refers (Special) to rtexit2.o(.ARM.Collect$$rtexit$$00000003) for __rt_exit_ls
    rtexit.o(.ARM.exidx) refers (Special) to rtexit2.o(.ARM.Collect$$rtexit$$00000002) for __rt_exit_prels_1
    rtexit.o(.ARM.exidx) refers to rtexit.o(.ARM.Collect$$rtexit$$00000000) for .ARM.Collect$$rtexit$$00000000
    libinit2.o(.ARM.Collect$$libinit$$0000000E) refers to libinit2.o(.ARM.Collect$$libinit$$0000000D) for .ARM.Collect$$libinit$$0000000D
    libinit2.o(.ARM.Collect$$libinit$$00000010) refers to libinit2.o(.ARM.Collect$$libinit$$0000000D) for .ARM.Collect$$libinit$$0000000D
    libinit2.o(.ARM.Collect$$libinit$$00000012) refers to libinit2.o(.ARM.Collect$$libinit$$0000000D) for .ARM.Collect$$libinit$$0000000D
    libinit2.o(.ARM.Collect$$libinit$$00000014) refers to libinit2.o(.ARM.Collect$$libinit$$0000000D) for .ARM.Collect$$libinit$$0000000D
    libinit2.o(.ARM.Collect$$libinit$$00000016) refers to libinit2.o(.ARM.Collect$$libinit$$0000000D) for .ARM.Collect$$libinit$$0000000D
    libinit2.o(.ARM.Collect$$libinit$$00000024) refers to argv_veneer.o(.emb_text) for __ARM_argv_veneer
    libinit2.o(.ARM.Collect$$libinit$$00000025) refers to argv_veneer.o(.emb_text) for __ARM_argv_veneer
    rtexit2.o(.ARM.Collect$$rtexit$$00000003) refers to libshutdown.o(.ARM.Collect$$libshutdown$$00000000) for __rt_lib_shutdown
    rtexit2.o(.ARM.Collect$$rtexit$$00000004) refers to sys_exit.o(.text) for _sys_exit
    rtexit2.o(.ARM.exidx) refers to rtexit2.o(.ARM.Collect$$rtexit$$00000001) for .ARM.Collect$$rtexit$$00000001
    rtexit2.o(.ARM.exidx) refers to rtexit2.o(.ARM.Collect$$rtexit$$00000003) for .ARM.Collect$$rtexit$$00000003
    rtexit2.o(.ARM.exidx) refers to rtexit2.o(.ARM.Collect$$rtexit$$00000004) for .ARM.Collect$$rtexit$$00000004
    argv_veneer.o(.emb_text) refers to no_argv.o(.text) for __ARM_get_argv
    sys_exit.o(.text) refers (Special) to use_no_semi.o(.text) for __I$use$semihosting
    sys_exit.o(.text) refers (Special) to indicate_semi.o(.text) for __semihosting_library_function
    _get_argv_nomalloc.o(.text) refers (Special) to hrguard.o(.text) for __heap_region$guard
    _get_argv_nomalloc.o(.text) refers to defsig_rtmem_outer.o(.text) for __rt_SIGRTMEM
    _get_argv_nomalloc.o(.text) refers to sys_command.o(.text) for _sys_command_string
    libshutdown.o(.ARM.Collect$$libshutdown$$00000000) refers (Special) to libshutdown2.o(.ARM.Collect$$libshutdown$$00000006) for __rt_lib_shutdown_fp_trap_1
    libshutdown.o(.ARM.Collect$$libshutdown$$00000000) refers (Special) to libshutdown2.o(.ARM.Collect$$libshutdown$$0000000E) for __rt_lib_shutdown_heap_1
    libshutdown.o(.ARM.Collect$$libshutdown$$00000000) refers (Special) to libshutdown2.o(.ARM.Collect$$libshutdown$$0000000F) for __rt_lib_shutdown_return
    libshutdown.o(.ARM.Collect$$libshutdown$$00000000) refers (Special) to libshutdown2.o(.ARM.Collect$$libshutdown$$00000009) for __rt_lib_shutdown_signal_1
    libshutdown.o(.ARM.Collect$$libshutdown$$00000000) refers (Special) to libshutdown2.o(.ARM.Collect$$libshutdown$$00000003) for __rt_lib_shutdown_stdio_1
    libshutdown.o(.ARM.Collect$$libshutdown$$00000000) refers (Special) to libshutdown2.o(.ARM.Collect$$libshutdown$$0000000B) for __rt_lib_shutdown_user_alloc_1
    sys_command.o(.text) refers (Special) to use_no_semi.o(.text) for __I$use$semihosting
    sys_command.o(.text) refers (Special) to indicate_semi.o(.text) for __semihosting_library_function
    defsig_rtmem_outer.o(.text) refers to defsig_rtmem_inner.o(.text) for __rt_SIGRTMEM_inner
    defsig_rtmem_outer.o(.text) refers to defsig_exit.o(.text) for __sig_exit
    defsig_rtmem_formal.o(.text) refers to rt_raise.o(.text) for __rt_raise
    rt_raise.o(.text) refers to __raise.o(.text) for __raise
    rt_raise.o(.text) refers to sys_exit.o(.text) for _sys_exit
    defsig_exit.o(.text) refers to sys_exit.o(.text) for _sys_exit
    defsig_rtmem_inner.o(.text) refers to defsig_general.o(.text) for __default_signal_display
    __raise.o(.text) refers to defsig.o(CL$$defsig) for __default_signal_handler
    defsig_general.o(.text) refers to sys_wrch.o(.text) for _ttywrch
    sys_wrch.o(.text) refers (Special) to use_no_semi.o(.text) for __I$use$semihosting
    sys_wrch.o(.text) refers (Special) to indicate_semi.o(.text) for __semihosting_library_function
    defsig.o(CL$$defsig) refers to defsig_rtmem_inner.o(.text) for __rt_SIGRTMEM_inner
    defsig_abrt_inner.o(.text) refers to defsig_general.o(.text) for __default_signal_display
    defsig_fpe_inner.o(.text) refers to defsig_general.o(.text) for __default_signal_display
    defsig_rtred_inner.o(.text) refers to defsig_general.o(.text) for __default_signal_display
    defsig_stak_inner.o(.text) refers to defsig_general.o(.text) for __default_signal_display
    defsig_pvfn_inner.o(.text) refers to defsig_general.o(.text) for __default_signal_display
    defsig_cppl_inner.o(.text) refers to defsig_general.o(.text) for __default_signal_display
    defsig_segv_inner.o(.text) refers to defsig_general.o(.text) for __default_signal_display
    defsig_other.o(.text) refers to defsig_general.o(.text) for __default_signal_display


==============================================================================

Removing Unused input sections from the image.

    Removing uart.o(.rev16_text), (4 bytes).
    Removing uart.o(.revsh_text), (4 bytes).
    Removing main.o(.rev16_text), (4 bytes).
    Removing main.o(.revsh_text), (4 bytes).
    Removing lcd_driver.o(.rev16_text), (4 bytes).
    Removing lcd_driver.o(.revsh_text), (4 bytes).

6 unused section(s) (total 24 bytes) removed from the image.

==============================================================================

Image Symbol Table

    Local Symbols

    Symbol Name                              Value     Ov Type        Size  Object(Section)

    RESET                                    0x00000000   Section      620  startup_tm4c123.o(RESET)
    ../clib/angel/boardlib.s                 0x00000000   Number         0  boardinit1.o ABSOLUTE
    ../clib/angel/boardlib.s                 0x00000000   Number         0  boardshut.o ABSOLUTE
    ../clib/angel/boardlib.s                 0x00000000   Number         0  boardinit2.o ABSOLUTE
    ../clib/angel/boardlib.s                 0x00000000   Number         0  boardinit3.o ABSOLUTE
    ../clib/angel/handlers.s                 0x00000000   Number         0  __scatter_zi.o ABSOLUTE
    ../clib/angel/kernel.s                   0x00000000   Number         0  rtentry4.o ABSOLUTE
    ../clib/angel/kernel.s                   0x00000000   Number         0  rtexit.o ABSOLUTE
    ../clib/angel/kernel.s                   0x00000000   Number         0  rtexit2.o ABSOLUTE
    ../clib/angel/kernel.s                   0x00000000   Number         0  rtentry.o ABSOLUTE
    ../clib/angel/kernel.s                   0x00000000   Number         0  rtentry2.o ABSOLUTE
    ../clib/angel/rt.s                       0x00000000   Number         0  rt_raise.o ABSOLUTE
    ../clib/angel/scatter.s                  0x00000000   Number         0  __scatter.o ABSOLUTE
    ../clib/angel/startup.s                  0x00000000   Number         0  __main.o ABSOLUTE
    ../clib/angel/sys.s                      0x00000000   Number         0  sys_stackheap_outer.o ABSOLUTE
    ../clib/angel/sys.s                      0x00000000   Number         0  libspace.o ABSOLUTE
    ../clib/angel/sys.s                      0x00000000   Number         0  indicate_semi.o ABSOLUTE
    ../clib/angel/sys.s                      0x00000000   Number         0  use_no_semi.o ABSOLUTE
    ../clib/angel/sysapp.c                   0x00000000   Number         0  sys_command.o ABSOLUTE
    ../clib/angel/sysapp.c                   0x00000000   Number         0  sys_wrch.o ABSOLUTE
    ../clib/angel/sysapp.c                   0x00000000   Number         0  sys_exit.o ABSOLUTE
    ../clib/armsys.c                         0x00000000   Number         0  _get_argv_nomalloc.o ABSOLUTE
    ../clib/armsys.c                         0x00000000   Number         0  no_argv.o ABSOLUTE
    ../clib/armsys.c                         0x00000000   Number         0  argv_veneer.o ABSOLUTE
    ../clib/armsys.c                         0x00000000   Number         0  argv_veneer.o ABSOLUTE
    ../clib/heapalloc.c                      0x00000000   Number         0  hrguard.o ABSOLUTE
    ../clib/libinit.s                        0x00000000   Number         0  libinit2.o ABSOLUTE
    ../clib/libinit.s                        0x00000000   Number         0  libshutdown.o ABSOLUTE
    ../clib/libinit.s                        0x00000000   Number         0  libshutdown2.o ABSOLUTE
    ../clib/libinit.s                        0x00000000   Number         0  libinit.o ABSOLUTE
    ../clib/signal.c                         0x00000000   Number         0  defsig_rtred_inner.o ABSOLUTE
    ../clib/signal.c                         0x00000000   Number         0  defsig_fpe_inner.o ABSOLUTE
    ../clib/signal.c                         0x00000000   Number         0  defsig_abrt_inner.o ABSOLUTE
    ../clib/signal.c                         0x00000000   Number         0  defsig_rtmem_outer.o ABSOLUTE
    ../clib/signal.c                         0x00000000   Number         0  defsig_general.o ABSOLUTE
    ../clib/signal.c                         0x00000000   Number         0  __raise.o ABSOLUTE
    ../clib/signal.c                         0x00000000   Number         0  defsig_rtmem_inner.o ABSOLUTE
    ../clib/signal.c                         0x00000000   Number         0  defsig_exit.o ABSOLUTE
    ../clib/signal.c                         0x00000000   Number         0  defsig_rtmem_formal.o ABSOLUTE
    ../clib/signal.c                         0x00000000   Number         0  defsig_other.o ABSOLUTE
    ../clib/signal.c                         0x00000000   Number         0  defsig_segv_inner.o ABSOLUTE
    ../clib/signal.c                         0x00000000   Number         0  defsig_cppl_inner.o ABSOLUTE
    ../clib/signal.c                         0x00000000   Number         0  defsig_pvfn_inner.o ABSOLUTE
    ../clib/signal.c                         0x00000000   Number         0  defsig_stak_inner.o ABSOLUTE
    ../clib/signal.s                         0x00000000   Number         0  defsig.o ABSOLUTE
    ../clib/stdlib.c                         0x00000000   Number         0  exit.o ABSOLUTE
    ../fplib/daddsub.s                       0x00000000   Number         0  daddsub_clz.o ABSOLUTE
    ../fplib/dfix.s                          0x00000000   Number         0  dfix.o ABSOLUTE
    ../fplib/dnaninf.s                       0x00000000   Number         0  dnaninf.o ABSOLUTE
    ../fplib/dretinf.s                       0x00000000   Number         0  dretinf.o ABSOLUTE
    ../fplib/f2d.s                           0x00000000   Number         0  f2d.o ABSOLUTE
    ../fplib/faddsub.s                       0x00000000   Number         0  faddsub_clz.o ABSOLUTE
    ../fplib/fdiv.s                          0x00000000   Number         0  fdiv.o ABSOLUTE
    ../fplib/ffix.s                          0x00000000   Number         0  ffix.o ABSOLUTE
    ../fplib/fflt.s                          0x00000000   Number         0  fflt_clz.o ABSOLUTE
    ../fplib/fmul.s                          0x00000000   Number         0  fmul.o ABSOLUTE
    ../fplib/fnaninf.s                       0x00000000   Number         0  fnaninf.o ABSOLUTE
    ../fplib/fpinit.s                        0x00000000   Number         0  fpinit.o ABSOLUTE
    ../fplib/fretinf.s                       0x00000000   Number         0  fretinf.o ABSOLUTE
    ../fplib/usenofp.s                       0x00000000   Number         0  usenofp.o ABSOLUTE
    dc.s                                     0x00000000   Number         0  dc.o ABSOLUTE
    lcd_driver.c                             0x00000000   Number         0  lcd_driver.o ABSOLUTE
    lcd_driver.c                             0x00000000   Number         0  lcd_driver.o ABSOLUTE
    main.c                                   0x00000000   Number         0  main.o ABSOLUTE
    main.c                                   0x00000000   Number         0  main.o ABSOLUTE
    portf.c                                  0x00000000   Number         0  portf.o ABSOLUTE
    startup_TM4C123.s                        0x00000000   Number         0  startup_tm4c123.o ABSOLUTE
    systick.c                                0x00000000   Number         0  systick.o ABSOLUTE
    uart.c                                   0x00000000   Number         0  uart.o ABSOLUTE
    uart.c                                   0x00000000   Number         0  uart.o ABSOLUTE
    !!!main                                  0x0000026c   Section        8  __main.o(!!!main)
    !!!scatter                               0x00000274   Section       52  __scatter.o(!!!scatter)
    !!handler_zi                             0x000002a8   Section       28  __scatter_zi.o(!!handler_zi)
    .ARM.Collect$$libinit$$00000000          0x000002c4   Section        2  libinit.o(.ARM.Collect$$libinit$$00000000)
    .ARM.Collect$$libinit$$00000002          0x000002c6   Section        0  libinit2.o(.ARM.Collect$$libinit$$00000002)
    .ARM.Collect$$libinit$$00000008          0x000002c6   Section        0  libinit2.o(.ARM.Collect$$libinit$$00000008)
    .ARM.Collect$$libinit$$0000000A          0x000002c6   Section        0  libinit2.o(.ARM.Collect$$libinit$$0000000A)
    .ARM.Collect$$libinit$$0000000C          0x000002c6   Section        0  libinit2.o(.ARM.Collect$$libinit$$0000000C)
    .ARM.Collect$$libinit$$0000000F          0x000002c6   Section        0  libinit2.o(.ARM.Collect$$libinit$$0000000F)
    .ARM.Collect$$libinit$$00000011          0x000002c6   Section        0  libinit2.o(.ARM.Collect$$libinit$$00000011)
    .ARM.Collect$$libinit$$00000013          0x000002c6   Section        0  libinit2.o(.ARM.Collect$$libinit$$00000013)
    .ARM.Collect$$libinit$$00000015          0x000002c6   Section        0  libinit2.o(.ARM.Collect$$libinit$$00000015)
    .ARM.Collect$$libinit$$00000017          0x000002c6   Section        0  libinit2.o(.ARM.Collect$$libinit$$00000017)
    .ARM.Collect$$libinit$$00000019          0x000002c6   Section        0  libinit2.o(.ARM.Collect$$libinit$$00000019)
    .ARM.Collect$$libinit$$0000001B          0x000002c6   Section        0  libinit2.o(.ARM.Collect$$libinit$$0000001B)
    .ARM.Collect$$libinit$$0000001D          0x000002c6   Section        0  libinit2.o(.ARM.Collect$$libinit$$0000001D)
    .ARM.Collect$$libinit$$0000001F          0x000002c6   Section        0  libinit2.o(.ARM.Collect$$libinit$$0000001F)
    .ARM.Collect$$libinit$$00000021          0x000002c6   Section        0  libinit2.o(.ARM.Collect$$libinit$$00000021)
    .ARM.Collect$$libinit$$00000023          0x000002c6   Section        0  libinit2.o(.ARM.Collect$$libinit$$00000023)
    .ARM.Collect$$libinit$$0000002A          0x000002c6   Section        0  libinit2.o(.ARM.Collect$$libinit$$0000002A)
    .ARM.Collect$$libinit$$0000002C          0x000002c6   Section        0  libinit2.o(.ARM.Collect$$libinit$$0000002C)
    .ARM.Collect$$libinit$$0000002E          0x000002c6   Section        0  libinit2.o(.ARM.Collect$$libinit$$0000002E)
    .ARM.Collect$$libinit$$00000030          0x000002c6   Section        0  libinit2.o(.ARM.Collect$$libinit$$00000030)
    .ARM.Collect$$libinit$$00000031          0x000002c6   Section        2  libinit2.o(.ARM.Collect$$libinit$$00000031)
    .ARM.Collect$$libshutdown$$00000000      0x000002c8   Section        2  libshutdown.o(.ARM.Collect$$libshutdown$$00000000)
    .ARM.Collect$$libshutdown$$00000003      0x000002ca   Section        0  libshutdown2.o(.ARM.Collect$$libshutdown$$00000003)
    .ARM.Collect$$libshutdown$$00000006      0x000002ca   Section        0  libshutdown2.o(.ARM.Collect$$libshutdown$$00000006)
    .ARM.Collect$$libshutdown$$00000009      0x000002ca   Section        0  libshutdown2.o(.ARM.Collect$$libshutdown$$00000009)
    .ARM.Collect$$libshutdown$$0000000B      0x000002ca   Section        0  libshutdown2.o(.ARM.Collect$$libshutdown$$0000000B)
    .ARM.Collect$$libshutdown$$0000000E      0x000002ca   Section        0  libshutdown2.o(.ARM.Collect$$libshutdown$$0000000E)
    .ARM.Collect$$libshutdown$$0000000F      0x000002ca   Section        2  libshutdown2.o(.ARM.Collect$$libshutdown$$0000000F)
    .ARM.Collect$$rtentry$$00000000          0x000002cc   Section        0  rtentry.o(.ARM.Collect$$rtentry$$00000000)
    .ARM.Collect$$rtentry$$00000002          0x000002cc   Section        0  rtentry2.o(.ARM.Collect$$rtentry$$00000002)
    .ARM.Collect$$rtentry$$00000004          0x000002cc   Section        6  rtentry4.o(.ARM.Collect$$rtentry$$00000004)
    .ARM.Collect$$rtentry$$00000009          0x000002d2   Section        0  rtentry2.o(.ARM.Collect$$rtentry$$00000009)
    .ARM.Collect$$rtentry$$0000000A          0x000002d2   Section        4  rtentry2.o(.ARM.Collect$$rtentry$$0000000A)
    .ARM.Collect$$rtentry$$0000000C          0x000002d6   Section        0  rtentry2.o(.ARM.Collect$$rtentry$$0000000C)
    .ARM.Collect$$rtentry$$0000000D          0x000002d6   Section        8  rtentry2.o(.ARM.Collect$$rtentry$$0000000D)
    .ARM.Collect$$rtexit$$00000000           0x000002de   Section        2  rtexit.o(.ARM.Collect$$rtexit$$00000000)
    .ARM.Collect$$rtexit$$00000002           0x000002e0   Section        0  rtexit2.o(.ARM.Collect$$rtexit$$00000002)
    .ARM.Collect$$rtexit$$00000003           0x000002e0   Section        4  rtexit2.o(.ARM.Collect$$rtexit$$00000003)
    .ARM.Collect$$rtexit$$00000004           0x000002e4   Section        6  rtexit2.o(.ARM.Collect$$rtexit$$00000004)
    .text                                    0x000002ec   Section      272  startup_tm4c123.o(.text)
    .text                                    0x000003fc   Section        0  uart.o(.text)
    .text                                    0x00000f70   Section        0  main.o(.text)
    .text                                    0x00001034   Section        0  lcd_driver.o(.text)
    .text                                    0x000011c0   Section        0  systick.o(.text)
    .text                                    0x00001230   Section       74  sys_stackheap_outer.o(.text)
    .text                                    0x0000127a   Section        0  exit.o(.text)
    .text                                    0x00001288   Section        8  libspace.o(.text)
    .text                                    0x00001290   Section        0  sys_exit.o(.text)
    .text                                    0x0000129c   Section        2  use_no_semi.o(.text)
    .text                                    0x0000129e   Section        0  indicate_semi.o(.text)
    x$fpl$dadd                               0x000012a0   Section      336  daddsub_clz.o(x$fpl$dadd)
    _dadd1                                   0x000012b1   Thumb Code     0  daddsub_clz.o(x$fpl$dadd)
    x$fpl$dfix                               0x000013f0   Section       94  dfix.o(x$fpl$dfix)
    x$fpl$dnaninf                            0x0000144e   Section      156  dnaninf.o(x$fpl$dnaninf)
    x$fpl$dretinf                            0x000014ea   Section       12  dretinf.o(x$fpl$dretinf)
    x$fpl$dsub                               0x000014f8   Section      468  daddsub_clz.o(x$fpl$dsub)
    _dsub1                                   0x00001509   Thumb Code     0  daddsub_clz.o(x$fpl$dsub)
    x$fpl$f2d                                0x000016cc   Section       86  f2d.o(x$fpl$f2d)
    x$fpl$fadd                               0x00001724   Section      196  faddsub_clz.o(x$fpl$fadd)
    _fadd1                                   0x00001733   Thumb Code     0  faddsub_clz.o(x$fpl$fadd)
    x$fpl$fdiv                               0x000017e8   Section      388  fdiv.o(x$fpl$fdiv)
    _fdiv1                                   0x000017e9   Thumb Code     0  fdiv.o(x$fpl$fdiv)
    x$fpl$ffix                               0x0000196c   Section       54  ffix.o(x$fpl$ffix)
    x$fpl$fflt                               0x000019a4   Section       48  fflt_clz.o(x$fpl$fflt)
    x$fpl$fmul                               0x000019d4   Section      258  fmul.o(x$fpl$fmul)
    x$fpl$fnaninf                            0x00001ad6   Section      140  fnaninf.o(x$fpl$fnaninf)
    x$fpl$fretinf                            0x00001b62   Section       10  fretinf.o(x$fpl$fretinf)
    x$fpl$frsb                               0x00001b6c   Section       20  faddsub_clz.o(x$fpl$frsb)
    x$fpl$fsub                               0x00001b80   Section      234  faddsub_clz.o(x$fpl$fsub)
    _fsub1                                   0x00001b8f   Thumb Code     0  faddsub_clz.o(x$fpl$fsub)
    x$fpl$usenofp                            0x00001c6a   Section        0  usenofp.o(x$fpl$usenofp)
    .constdata                               0x00001c6c   Section       24  main.o(.constdata)
    .bss                                     0x20000000   Section       96  libspace.o(.bss)
    HEAP                                     0x20000060   Section        0  startup_tm4c123.o(HEAP)
    STACK                                    0x20000060   Section      512  startup_tm4c123.o(STACK)
    Heap_Mem                                 0x20000060   Data           0  startup_tm4c123.o(HEAP)
    Stack_Mem                                0x20000060   Data         512  startup_tm4c123.o(STACK)
    __initial_sp                             0x20000260   Data           0  startup_tm4c123.o(STACK)

    Global Symbols

    Symbol Name                              Value     Ov Type        Size  Object(Section)

    BuildAttributes$$THM_ISAv4$E$P$D$K$B$S$7EM$PE$A:L22UL41UL21$X:L11$S22US41US21$IEEE1$IW$USESV6$~STKCKD$USESV7$~SHL$OSPACE$ROPI$EBA8$UX$STANDARDLIB$REQ8$PRES8$EABIv2 0x00000000   Number         0  anon$$obj.o ABSOLUTE
    __ARM_use_no_argv                        0x00000000   Number         0  main.o ABSOLUTE
    __Vectors                                0x00000000   Data           4  startup_tm4c123.o(RESET)
    __ARM_exceptions_init                     - Undefined Weak Reference
    __alloca_initialize                       - Undefined Weak Reference
    __cpp_initialize__aeabi_                  - Undefined Weak Reference
    __cxa_finalize                            - Undefined Weak Reference
    __rt_locale                               - Undefined Weak Reference
    __sigvec_lookup                           - Undefined Weak Reference
    _atexit_init                              - Undefined Weak Reference
    _call_atexit_fns                          - Undefined Weak Reference
    _clock_init                               - Undefined Weak Reference
    _fp_trap_init                             - Undefined Weak Reference
    _fp_trap_shutdown                         - Undefined Weak Reference
    _get_lc_collate                           - Undefined Weak Reference
    _get_lc_ctype                             - Undefined Weak Reference
    _get_lc_monetary                          - Undefined Weak Reference
    _get_lc_numeric                           - Undefined Weak Reference
    _get_lc_time                              - Undefined Weak Reference
    _getenv_init                              - Undefined Weak Reference
    _handle_redirection                       - Undefined Weak Reference
    _init_alloc                               - Undefined Weak Reference
    _init_user_alloc                          - Undefined Weak Reference
    _initio                                   - Undefined Weak Reference
    _rand_init                                - Undefined Weak Reference
    _signal_finish                            - Undefined Weak Reference
    _signal_init                              - Undefined Weak Reference
    _terminate_alloc                          - Undefined Weak Reference
    _terminate_user_alloc                     - Undefined Weak Reference
    _terminateio                              - Undefined Weak Reference
    __Vectors_End                            0x0000026c   Data           0  startup_tm4c123.o(RESET)
    __Vectors_Size                           0x0000026c   Number         0  startup_tm4c123.o ABSOLUTE
    __main                                   0x0000026d   Thumb Code     8  __main.o(!!!main)
    __scatterload                            0x00000275   Thumb Code     0  __scatter.o(!!!scatter)
    __scatterload_rt2                        0x00000275   Thumb Code    44  __scatter.o(!!!scatter)
    __scatterload_rt2_thumb_only             0x00000275   Thumb Code     0  __scatter.o(!!!scatter)
    __scatterload_null                       0x00000283   Thumb Code     0  __scatter.o(!!!scatter)
    __scatterload_zeroinit                   0x000002a9   Thumb Code    28  __scatter_zi.o(!!handler_zi)
    __rt_lib_init                            0x000002c5   Thumb Code     0  libinit.o(.ARM.Collect$$libinit$$00000000)
    __rt_lib_init_alloca_1                   0x000002c7   Thumb Code     0  libinit2.o(.ARM.Collect$$libinit$$0000002C)
    __rt_lib_init_argv_1                     0x000002c7   Thumb Code     0  libinit2.o(.ARM.Collect$$libinit$$0000002A)
    __rt_lib_init_atexit_1                   0x000002c7   Thumb Code     0  libinit2.o(.ARM.Collect$$libinit$$00000019)
    __rt_lib_init_clock_1                    0x000002c7   Thumb Code     0  libinit2.o(.ARM.Collect$$libinit$$0000001F)
    __rt_lib_init_cpp_1                      0x000002c7   Thumb Code     0  libinit2.o(.ARM.Collect$$libinit$$00000030)
    __rt_lib_init_exceptions_1               0x000002c7   Thumb Code     0  libinit2.o(.ARM.Collect$$libinit$$0000002E)
    __rt_lib_init_fp_1                       0x000002c7   Thumb Code     0  libinit2.o(.ARM.Collect$$libinit$$00000002)
    __rt_lib_init_fp_trap_1                  0x000002c7   Thumb Code     0  libinit2.o(.ARM.Collect$$libinit$$0000001D)
    __rt_lib_init_getenv_1                   0x000002c7   Thumb Code     0  libinit2.o(.ARM.Collect$$libinit$$00000021)
    __rt_lib_init_heap_1                     0x000002c7   Thumb Code     0  libinit2.o(.ARM.Collect$$libinit$$00000008)
    __rt_lib_init_lc_collate_1               0x000002c7   Thumb Code     0  libinit2.o(.ARM.Collect$$libinit$$0000000F)
    __rt_lib_init_lc_ctype_1                 0x000002c7   Thumb Code     0  libinit2.o(.ARM.Collect$$libinit$$00000011)
    __rt_lib_init_lc_monetary_1              0x000002c7   Thumb Code     0  libinit2.o(.ARM.Collect$$libinit$$00000013)
    __rt_lib_init_lc_numeric_1               0x000002c7   Thumb Code     0  libinit2.o(.ARM.Collect$$libinit$$00000015)
    __rt_lib_init_lc_time_1                  0x000002c7   Thumb Code     0  libinit2.o(.ARM.Collect$$libinit$$00000017)
    __rt_lib_init_rand_1                     0x000002c7   Thumb Code     0  libinit2.o(.ARM.Collect$$libinit$$0000000C)
    __rt_lib_init_return                     0x000002c7   Thumb Code     0  libinit2.o(.ARM.Collect$$libinit$$00000031)
    __rt_lib_init_signal_1                   0x000002c7   Thumb Code     0  libinit2.o(.ARM.Collect$$libinit$$0000001B)
    __rt_lib_init_stdio_1                    0x000002c7   Thumb Code     0  libinit2.o(.ARM.Collect$$libinit$$00000023)
    __rt_lib_init_user_alloc_1               0x000002c7   Thumb Code     0  libinit2.o(.ARM.Collect$$libinit$$0000000A)
    __rt_lib_shutdown                        0x000002c9   Thumb Code     0  libshutdown.o(.ARM.Collect$$libshutdown$$00000000)
    __rt_lib_shutdown_fp_trap_1              0x000002cb   Thumb Code     0  libshutdown2.o(.ARM.Collect$$libshutdown$$00000006)
    __rt_lib_shutdown_heap_1                 0x000002cb   Thumb Code     0  libshutdown2.o(.ARM.Collect$$libshutdown$$0000000E)
    __rt_lib_shutdown_return                 0x000002cb   Thumb Code     0  libshutdown2.o(.ARM.Collect$$libshutdown$$0000000F)
    __rt_lib_shutdown_signal_1               0x000002cb   Thumb Code     0  libshutdown2.o(.ARM.Collect$$libshutdown$$00000009)
    __rt_lib_shutdown_stdio_1                0x000002cb   Thumb Code     0  libshutdown2.o(.ARM.Collect$$libshutdown$$00000003)
    __rt_lib_shutdown_user_alloc_1           0x000002cb   Thumb Code     0  libshutdown2.o(.ARM.Collect$$libshutdown$$0000000B)
    __rt_entry                               0x000002cd   Thumb Code     0  rtentry.o(.ARM.Collect$$rtentry$$00000000)
    __rt_entry_presh_1                       0x000002cd   Thumb Code     0  rtentry2.o(.ARM.Collect$$rtentry$$00000002)
    __rt_entry_sh                            0x000002cd   Thumb Code     0  rtentry4.o(.ARM.Collect$$rtentry$$00000004)
    __rt_entry_li                            0x000002d3   Thumb Code     0  rtentry2.o(.ARM.Collect$$rtentry$$0000000A)
    __rt_entry_postsh_1                      0x000002d3   Thumb Code     0  rtentry2.o(.ARM.Collect$$rtentry$$00000009)
    __rt_entry_main                          0x000002d7   Thumb Code     0  rtentry2.o(.ARM.Collect$$rtentry$$0000000D)
    __rt_entry_postli_1                      0x000002d7   Thumb Code     0  rtentry2.o(.ARM.Collect$$rtentry$$0000000C)
    __rt_exit                                0x000002df   Thumb Code     0  rtexit.o(.ARM.Collect$$rtexit$$00000000)
    __rt_exit_ls                             0x000002e1   Thumb Code     0  rtexit2.o(.ARM.Collect$$rtexit$$00000003)
    __rt_exit_prels_1                        0x000002e1   Thumb Code     0  rtexit2.o(.ARM.Collect$$rtexit$$00000002)
    __rt_exit_exit                           0x000002e5   Thumb Code     0  rtexit2.o(.ARM.Collect$$rtexit$$00000004)
    Reset_Handler                            0x000002ed   Thumb Code     8  startup_tm4c123.o(.text)
    NMI_Handler                              0x000002f5   Thumb Code     2  startup_tm4c123.o(.text)
    HardFault_Handler                        0x000002f7   Thumb Code     0  startup_tm4c123.o(.text)
    MemManage_Handler                        0x000002f7   Thumb Code     2  startup_tm4c123.o(.text)
    BusFault_Handler                         0x000002f9   Thumb Code     2  startup_tm4c123.o(.text)
    UsageFault_Handler                       0x000002fb   Thumb Code     2  startup_tm4c123.o(.text)
    SVC_Handler                              0x000002fd   Thumb Code     2  startup_tm4c123.o(.text)
    DebugMon_Handler                         0x000002ff   Thumb Code     2  startup_tm4c123.o(.text)
    PendSV_Handler                           0x00000301   Thumb Code     2  startup_tm4c123.o(.text)
    SysTick_Handler                          0x00000303   Thumb Code     2  startup_tm4c123.o(.text)
    GPIOA_Handler                            0x00000305   Thumb Code     2  startup_tm4c123.o(.text)
    GPIOB_Handler                            0x00000307   Thumb Code     2  startup_tm4c123.o(.text)
    GPIOC_Handler                            0x00000309   Thumb Code     2  startup_tm4c123.o(.text)
    GPIOD_Handler                            0x0000030b   Thumb Code     2  startup_tm4c123.o(.text)
    GPIOE_Handler                            0x0000030d   Thumb Code     2  startup_tm4c123.o(.text)
    UART0_Handler                            0x0000030f   Thumb Code     2  startup_tm4c123.o(.text)
    UART1_Handler                            0x00000311   Thumb Code     2  startup_tm4c123.o(.text)
    SSI0_Handler                             0x00000313   Thumb Code     2  startup_tm4c123.o(.text)
    I2C0_Handler                             0x00000315   Thumb Code     2  startup_tm4c123.o(.text)
    PMW0_FAULT_Handler                       0x00000317   Thumb Code     2  startup_tm4c123.o(.text)
    PWM0_0_Handler                           0x00000319   Thumb Code     2  startup_tm4c123.o(.text)
    PWM0_1_Handler                           0x0000031b   Thumb Code     2  startup_tm4c123.o(.text)
    PWM0_2_Handler                           0x0000031d   Thumb Code     2  startup_tm4c123.o(.text)
    QEI0_Handler                             0x0000031f   Thumb Code     2  startup_tm4c123.o(.text)
    ADC0SS0_Handler                          0x00000321   Thumb Code     2  startup_tm4c123.o(.text)
    ADC0SS1_Handler                          0x00000323   Thumb Code     2  startup_tm4c123.o(.text)
    ADC0SS2_Handler                          0x00000325   Thumb Code     2  startup_tm4c123.o(.text)
    ADC0SS3_Handler                          0x00000327   Thumb Code     2  startup_tm4c123.o(.text)
    WDT0_Handler                             0x00000329   Thumb Code     2  startup_tm4c123.o(.text)
    TIMER0A_Handler                          0x0000032b   Thumb Code     2  startup_tm4c123.o(.text)
    TIMER0B_Handler                          0x0000032d   Thumb Code     2  startup_tm4c123.o(.text)
    TIMER1A_Handler                          0x0000032f   Thumb Code     2  startup_tm4c123.o(.text)
    TIMER1B_Handler                          0x00000331   Thumb Code     2  startup_tm4c123.o(.text)
    TIMER2A_Handler                          0x00000333   Thumb Code     2  startup_tm4c123.o(.text)
    TIMER2B_Handler                          0x00000335   Thumb Code     2  startup_tm4c123.o(.text)
    COMP0_Handler                            0x00000337   Thumb Code     2  startup_tm4c123.o(.text)
    COMP1_Handler                            0x00000339   Thumb Code     2  startup_tm4c123.o(.text)
    COMP2_Handler                            0x0000033b   Thumb Code     2  startup_tm4c123.o(.text)
    SYSCTL_Handler                           0x0000033d   Thumb Code     2  startup_tm4c123.o(.text)
    FLASH_Handler                            0x0000033f   Thumb Code     2  startup_tm4c123.o(.text)
    GPIOF_Handler                            0x00000341   Thumb Code     2  startup_tm4c123.o(.text)
    GPIOG_Handler                            0x00000343   Thumb Code     2  startup_tm4c123.o(.text)
    GPIOH_Handler                            0x00000345   Thumb Code     2  startup_tm4c123.o(.text)
    UART2_Handler                            0x00000347   Thumb Code     2  startup_tm4c123.o(.text)
    SSI1_Handler                             0x00000349   Thumb Code     2  startup_tm4c123.o(.text)
    TIMER3A_Handler                          0x0000034b   Thumb Code     2  startup_tm4c123.o(.text)
    TIMER3B_Handler                          0x0000034d   Thumb Code     2  startup_tm4c123.o(.text)
    I2C1_Handler                             0x0000034f   Thumb Code     2  startup_tm4c123.o(.text)
    QEI1_Handler                             0x00000351   Thumb Code     2  startup_tm4c123.o(.text)
    CAN0_Handler                             0x00000353   Thumb Code     2  startup_tm4c123.o(.text)
    CAN1_Handler                             0x00000355   Thumb Code     2  startup_tm4c123.o(.text)
    CAN2_Handler                             0x00000357   Thumb Code     2  startup_tm4c123.o(.text)
    HIB_Handler                              0x00000359   Thumb Code     2  startup_tm4c123.o(.text)
    USB0_Handler                             0x0000035b   Thumb Code     2  startup_tm4c123.o(.text)
    PWM0_3_Handler                           0x0000035d   Thumb Code     2  startup_tm4c123.o(.text)
    UDMA_Handler                             0x0000035f   Thumb Code     2  startup_tm4c123.o(.text)
    UDMAERR_Handler                          0x00000361   Thumb Code     2  startup_tm4c123.o(.text)
    ADC1SS0_Handler                          0x00000363   Thumb Code     2  startup_tm4c123.o(.text)
    ADC1SS1_Handler                          0x00000365   Thumb Code     2  startup_tm4c123.o(.text)
    ADC1SS2_Handler                          0x00000367   Thumb Code     2  startup_tm4c123.o(.text)
    ADC1SS3_Handler                          0x00000369   Thumb Code     2  startup_tm4c123.o(.text)
    GPIOJ_Handler                            0x0000036b   Thumb Code     2  startup_tm4c123.o(.text)
    GPIOK_Handler                            0x0000036d   Thumb Code     2  startup_tm4c123.o(.text)
    GPIOL_Handler                            0x0000036f   Thumb Code     2  startup_tm4c123.o(.text)
    SSI2_Handler                             0x00000371   Thumb Code     2  startup_tm4c123.o(.text)
    SSI3_Handler                             0x00000373   Thumb Code     2  startup_tm4c123.o(.text)
    UART3_Handler                            0x00000375   Thumb Code     2  startup_tm4c123.o(.text)
    UART4_Handler                            0x00000377   Thumb Code     2  startup_tm4c123.o(.text)
    UART5_Handler                            0x00000379   Thumb Code     2  startup_tm4c123.o(.text)
    UART6_Handler                            0x0000037b   Thumb Code     2  startup_tm4c123.o(.text)
    UART7_Handler                            0x0000037d   Thumb Code     2  startup_tm4c123.o(.text)
    I2C2_Handler                             0x0000037f   Thumb Code     2  startup_tm4c123.o(.text)
    I2C3_Handler                             0x00000381   Thumb Code     2  startup_tm4c123.o(.text)
    TIMER4A_Handler                          0x00000383   Thumb Code     2  startup_tm4c123.o(.text)
    TIMER4B_Handler                          0x00000385   Thumb Code     2  startup_tm4c123.o(.text)
    TIMER5A_Handler                          0x00000387   Thumb Code     2  startup_tm4c123.o(.text)
    TIMER5B_Handler                          0x00000389   Thumb Code     2  startup_tm4c123.o(.text)
    WTIMER0A_Handler                         0x0000038b   Thumb Code     2  startup_tm4c123.o(.text)
    WTIMER0B_Handler                         0x0000038d   Thumb Code     2  startup_tm4c123.o(.text)
    WTIMER1A_Handler                         0x0000038f   Thumb Code     2  startup_tm4c123.o(.text)
    WTIMER1B_Handler                         0x00000391   Thumb Code     2  startup_tm4c123.o(.text)
    WTIMER2A_Handler                         0x00000393   Thumb Code     2  startup_tm4c123.o(.text)
    WTIMER2B_Handler                         0x00000395   Thumb Code     2  startup_tm4c123.o(.text)
    WTIMER3A_Handler                         0x00000397   Thumb Code     2  startup_tm4c123.o(.text)
    WTIMER3B_Handler                         0x00000399   Thumb Code     2  startup_tm4c123.o(.text)
    WTIMER4A_Handler                         0x0000039b   Thumb Code     2  startup_tm4c123.o(.text)
    WTIMER4B_Handler                         0x0000039d   Thumb Code     2  startup_tm4c123.o(.text)
    WTIMER5A_Handler                         0x0000039f   Thumb Code     2  startup_tm4c123.o(.text)
    WTIMER5B_Handler                         0x000003a1   Thumb Code     2  startup_tm4c123.o(.text)
    FPU_Handler                              0x000003a3   Thumb Code     2  startup_tm4c123.o(.text)
    I2C4_Handler                             0x000003a5   Thumb Code     2  startup_tm4c123.o(.text)
    I2C5_Handler                             0x000003a7   Thumb Code     2  startup_tm4c123.o(.text)
    GPIOM_Handler                            0x000003a9   Thumb Code     2  startup_tm4c123.o(.text)
    GPION_Handler                            0x000003ab   Thumb Code     2  startup_tm4c123.o(.text)
    QEI2_Handler                             0x000003ad   Thumb Code     2  startup_tm4c123.o(.text)
    GPIOP0_Handler                           0x000003af   Thumb Code     2  startup_tm4c123.o(.text)
    GPIOP1_Handler                           0x000003b1   Thumb Code     2  startup_tm4c123.o(.text)
    GPIOP2_Handler                           0x000003b3   Thumb Code     2  startup_tm4c123.o(.text)
    GPIOP3_Handler                           0x000003b5   Thumb Code     2  startup_tm4c123.o(.text)
    GPIOP4_Handler                           0x000003b7   Thumb Code     2  startup_tm4c123.o(.text)
    GPIOP5_Handler                           0x000003b9   Thumb Code     2  startup_tm4c123.o(.text)
    GPIOP6_Handler                           0x000003bb   Thumb Code     2  startup_tm4c123.o(.text)
    GPIOP7_Handler                           0x000003bd   Thumb Code     2  startup_tm4c123.o(.text)
    GPIOQ0_Handler                           0x000003bf   Thumb Code     2  startup_tm4c123.o(.text)
    GPIOQ1_Handler                           0x000003c1   Thumb Code     2  startup_tm4c123.o(.text)
    GPIOQ2_Handler                           0x000003c3   Thumb Code     2  startup_tm4c123.o(.text)
    GPIOQ3_Handler                           0x000003c5   Thumb Code     2  startup_tm4c123.o(.text)
    GPIOQ4_Handler                           0x000003c7   Thumb Code     2  startup_tm4c123.o(.text)
    GPIOQ5_Handler                           0x000003c9   Thumb Code     2  startup_tm4c123.o(.text)
    GPIOQ6_Handler                           0x000003cb   Thumb Code     2  startup_tm4c123.o(.text)
    GPIOQ7_Handler                           0x000003cd   Thumb Code     2  startup_tm4c123.o(.text)
    GPIOR_Handler                            0x000003cf   Thumb Code     2  startup_tm4c123.o(.text)
    GPIOS_Handler                            0x000003d1   Thumb Code     2  startup_tm4c123.o(.text)
    PMW1_0_Handler                           0x000003d3   Thumb Code     2  startup_tm4c123.o(.text)
    PWM1_1_Handler                           0x000003d5   Thumb Code     2  startup_tm4c123.o(.text)
    PWM1_2_Handler                           0x000003d7   Thumb Code     2  startup_tm4c123.o(.text)
    PWM1_3_Handler                           0x000003d9   Thumb Code     2  startup_tm4c123.o(.text)
    PWM1_FAULT_Handler                       0x000003db   Thumb Code     2  startup_tm4c123.o(.text)
    __user_initial_stackheap                 0x000003dd   Thumb Code     0  startup_tm4c123.o(.text)
    UART_init                                0x000003fd   Thumb Code  2458  uart.o(.text)
    UART_recieveChar                         0x00000d97   Thumb Code   198  uart.o(.text)
    UART_sentChar                            0x00000e5d   Thumb Code   166  uart.o(.text)
    UART_recieveString                       0x00000f03   Thumb Code    38  uart.o(.text)
    UART_sentString                          0x00000f29   Thumb Code    32  uart.o(.text)
    main                                     0x00000f71   Thumb Code   144  main.o(.text)
    SystemInit                               0x00001001   Thumb Code     4  main.o(.text)
    delay_micro                              0x00001035   Thumb Code    22  lcd_driver.o(.text)
    lcd_cmd                                  0x0000104b   Thumb Code    68  lcd_driver.o(.text)
    lcd_write_char                           0x0000108f   Thumb Code    48  lcd_driver.o(.text)
    lcd_init                                 0x000010bf   Thumb Code   154  lcd_driver.o(.text)
    lcd_write_line                           0x00001159   Thumb Code    28  lcd_driver.o(.text)
    lcd_select_line                          0x00001175   Thumb Code    52  lcd_driver.o(.text)
    SYSTICK_init                             0x000011c1   Thumb Code    30  systick.o(.text)
    SYSTICK_delayClk                         0x000011df   Thumb Code    28  systick.o(.text)
    SYSTICK_delayMil                         0x000011fb   Thumb Code    28  systick.o(.text)
    SYSTICK_delaySec                         0x00001217   Thumb Code    26  systick.o(.text)
    __user_setup_stackheap                   0x00001231   Thumb Code    74  sys_stackheap_outer.o(.text)
    exit                                     0x0000127b   Thumb Code    12  exit.o(.text)
    __user_libspace                          0x00001289   Thumb Code     8  libspace.o(.text)
    __user_perproc_libspace                  0x00001289   Thumb Code     0  libspace.o(.text)
    __user_perthread_libspace                0x00001289   Thumb Code     0  libspace.o(.text)
    _sys_exit                                0x00001291   Thumb Code     8  sys_exit.o(.text)
    __I$use$semihosting                      0x0000129d   Thumb Code     0  use_no_semi.o(.text)
    __use_no_semihosting_swi                 0x0000129d   Thumb Code     2  use_no_semi.o(.text)
    __semihosting_library_function           0x0000129f   Thumb Code     0  indicate_semi.o(.text)
    __aeabi_dadd                             0x000012a1   Thumb Code     0  daddsub_clz.o(x$fpl$dadd)
    _dadd                                    0x000012a1   Thumb Code   332  daddsub_clz.o(x$fpl$dadd)
    __aeabi_d2iz                             0x000013f1   Thumb Code     0  dfix.o(x$fpl$dfix)
    _dfix                                    0x000013f1   Thumb Code    94  dfix.o(x$fpl$dfix)
    __fpl_dnaninf                            0x0000144f   Thumb Code   156  dnaninf.o(x$fpl$dnaninf)
    __fpl_dretinf                            0x000014eb   Thumb Code    12  dretinf.o(x$fpl$dretinf)
    __aeabi_dsub                             0x000014f9   Thumb Code     0  daddsub_clz.o(x$fpl$dsub)
    _dsub                                    0x000014f9   Thumb Code   464  daddsub_clz.o(x$fpl$dsub)
    __aeabi_f2d                              0x000016cd   Thumb Code     0  f2d.o(x$fpl$f2d)
    _f2d                                     0x000016cd   Thumb Code    86  f2d.o(x$fpl$f2d)
    __aeabi_fadd                             0x00001725   Thumb Code     0  faddsub_clz.o(x$fpl$fadd)
    _fadd                                    0x00001725   Thumb Code   196  faddsub_clz.o(x$fpl$fadd)
    __aeabi_fdiv                             0x000017e9   Thumb Code     0  fdiv.o(x$fpl$fdiv)
    _fdiv                                    0x000017e9   Thumb Code   384  fdiv.o(x$fpl$fdiv)
    __aeabi_f2iz                             0x0000196d   Thumb Code     0  ffix.o(x$fpl$ffix)
    _ffix                                    0x0000196d   Thumb Code    54  ffix.o(x$fpl$ffix)
    __aeabi_i2f                              0x000019a5   Thumb Code     0  fflt_clz.o(x$fpl$fflt)
    _fflt                                    0x000019a5   Thumb Code    48  fflt_clz.o(x$fpl$fflt)
    __aeabi_fmul                             0x000019d5   Thumb Code     0  fmul.o(x$fpl$fmul)
    _fmul                                    0x000019d5   Thumb Code   258  fmul.o(x$fpl$fmul)
    __fpl_fnaninf                            0x00001ad7   Thumb Code   140  fnaninf.o(x$fpl$fnaninf)
    __fpl_fretinf                            0x00001b63   Thumb Code    10  fretinf.o(x$fpl$fretinf)
    __aeabi_frsub                            0x00001b6d   Thumb Code     0  faddsub_clz.o(x$fpl$frsb)
    _frsb                                    0x00001b6d   Thumb Code    20  faddsub_clz.o(x$fpl$frsb)
    __aeabi_fsub                             0x00001b81   Thumb Code     0  faddsub_clz.o(x$fpl$fsub)
    _fsub                                    0x00001b81   Thumb Code   234  faddsub_clz.o(x$fpl$fsub)
    __I$use$fp                               0x00001c6a   Number         0  usenofp.o(x$fpl$usenofp)
    Region$$Table$$Base                      0x00001c84   Number         0  anon$$obj.o(Region$$Table)
    Region$$Table$$Limit                     0x00001c94   Number         0  anon$$obj.o(Region$$Table)
    __libspace_start                         0x20000000   Data          96  libspace.o(.bss)
    __temporary_stack_top$libspace           0x20000060   Data           0  libspace.o(.bss)



==============================================================================

Memory Map of the image

  Image Entry point : 0x000002ed

  Load Region LR_1 (Base: 0x00000000, Size: 0x00001c94, Max: 0xffffffff, ABSOLUTE)

    Execution Region ER_RO (Base: 0x00000000, Size: 0x00001c94, Max: 0xffffffff, ABSOLUTE)

    Base Addr    Size         Type   Attr      Idx    E Section Name        Object

    0x00000000   0x0000026c   Data   RO            3    RESET               startup_tm4c123.o
    0x0000026c   0x00000008   Code   RO          125  * !!!main             c_w.l(__main.o)
    0x00000274   0x00000034   Code   RO          322    !!!scatter          c_w.l(__scatter.o)
    0x000002a8   0x0000001c   Code   RO          324    !!handler_zi        c_w.l(__scatter_zi.o)
    0x000002c4   0x00000002   Code   RO          195    .ARM.Collect$$libinit$$00000000  c_w.l(libinit.o)
    0x000002c6   0x00000000   Code   RO          202    .ARM.Collect$$libinit$$00000002  c_w.l(libinit2.o)
    0x000002c6   0x00000000   Code   RO          205    .ARM.Collect$$libinit$$00000008  c_w.l(libinit2.o)
    0x000002c6   0x00000000   Code   RO          207    .ARM.Collect$$libinit$$0000000A  c_w.l(libinit2.o)
    0x000002c6   0x00000000   Code   RO          209    .ARM.Collect$$libinit$$0000000C  c_w.l(libinit2.o)
    0x000002c6   0x00000000   Code   RO          212    .ARM.Collect$$libinit$$0000000F  c_w.l(libinit2.o)
    0x000002c6   0x00000000   Code   RO          214    .ARM.Collect$$libinit$$00000011  c_w.l(libinit2.o)
    0x000002c6   0x00000000   Code   RO          216    .ARM.Collect$$libinit$$00000013  c_w.l(libinit2.o)
    0x000002c6   0x00000000   Code   RO          218    .ARM.Collect$$libinit$$00000015  c_w.l(libinit2.o)
    0x000002c6   0x00000000   Code   RO          220    .ARM.Collect$$libinit$$00000017  c_w.l(libinit2.o)
    0x000002c6   0x00000000   Code   RO          222    .ARM.Collect$$libinit$$00000019  c_w.l(libinit2.o)
    0x000002c6   0x00000000   Code   RO          224    .ARM.Collect$$libinit$$0000001B  c_w.l(libinit2.o)
    0x000002c6   0x00000000   Code   RO          226    .ARM.Collect$$libinit$$0000001D  c_w.l(libinit2.o)
    0x000002c6   0x00000000   Code   RO          228    .ARM.Collect$$libinit$$0000001F  c_w.l(libinit2.o)
    0x000002c6   0x00000000   Code   RO          230    .ARM.Collect$$libinit$$00000021  c_w.l(libinit2.o)
    0x000002c6   0x00000000   Code   RO          232    .ARM.Collect$$libinit$$00000023  c_w.l(libinit2.o)
    0x000002c6   0x00000000   Code   RO          236    .ARM.Collect$$libinit$$0000002A  c_w.l(libinit2.o)
    0x000002c6   0x00000000   Code   RO          238    .ARM.Collect$$libinit$$0000002C  c_w.l(libinit2.o)
    0x000002c6   0x00000000   Code   RO          240    .ARM.Collect$$libinit$$0000002E  c_w.l(libinit2.o)
    0x000002c6   0x00000000   Code   RO          242    .ARM.Collect$$libinit$$00000030  c_w.l(libinit2.o)
    0x000002c6   0x00000002   Code   RO          243    .ARM.Collect$$libinit$$00000031  c_w.l(libinit2.o)
    0x000002c8   0x00000002   Code   RO          263    .ARM.Collect$$libshutdown$$00000000  c_w.l(libshutdown.o)
    0x000002ca   0x00000000   Code   RO          277    .ARM.Collect$$libshutdown$$00000003  c_w.l(libshutdown2.o)
    0x000002ca   0x00000000   Code   RO          280    .ARM.Collect$$libshutdown$$00000006  c_w.l(libshutdown2.o)
    0x000002ca   0x00000000   Code   RO          283    .ARM.Collect$$libshutdown$$00000009  c_w.l(libshutdown2.o)
    0x000002ca   0x00000000   Code   RO          285    .ARM.Collect$$libshutdown$$0000000B  c_w.l(libshutdown2.o)
    0x000002ca   0x00000000   Code   RO          288    .ARM.Collect$$libshutdown$$0000000E  c_w.l(libshutdown2.o)
    0x000002ca   0x00000002   Code   RO          289    .ARM.Collect$$libshutdown$$0000000F  c_w.l(libshutdown2.o)
    0x000002cc   0x00000000   Code   RO          161    .ARM.Collect$$rtentry$$00000000  c_w.l(rtentry.o)
    0x000002cc   0x00000000   Code   RO          172    .ARM.Collect$$rtentry$$00000002  c_w.l(rtentry2.o)
    0x000002cc   0x00000006   Code   RO          184    .ARM.Collect$$rtentry$$00000004  c_w.l(rtentry4.o)
    0x000002d2   0x00000000   Code   RO          174    .ARM.Collect$$rtentry$$00000009  c_w.l(rtentry2.o)
    0x000002d2   0x00000004   Code   RO          175    .ARM.Collect$$rtentry$$0000000A  c_w.l(rtentry2.o)
    0x000002d6   0x00000000   Code   RO          177    .ARM.Collect$$rtentry$$0000000C  c_w.l(rtentry2.o)
    0x000002d6   0x00000008   Code   RO          178    .ARM.Collect$$rtentry$$0000000D  c_w.l(rtentry2.o)
    0x000002de   0x00000002   Code   RO          199    .ARM.Collect$$rtexit$$00000000  c_w.l(rtexit.o)
    0x000002e0   0x00000000   Code   RO          245    .ARM.Collect$$rtexit$$00000002  c_w.l(rtexit2.o)
    0x000002e0   0x00000004   Code   RO          246    .ARM.Collect$$rtexit$$00000003  c_w.l(rtexit2.o)
    0x000002e4   0x00000006   Code   RO          247    .ARM.Collect$$rtexit$$00000004  c_w.l(rtexit2.o)
    0x000002ea   0x00000002   PAD
    0x000002ec   0x00000110   Code   RO            4  * .text               startup_tm4c123.o
    0x000003fc   0x00000b74   Code   RO           12    .text               uart.o
    0x00000f70   0x000000c4   Code   RO           63    .text               main.o
    0x00001034   0x0000018c   Code   RO           90    .text               lcd_driver.o
    0x000011c0   0x00000070   Code   RO          111    .text               systick.o
    0x00001230   0x0000004a   Code   RO          186    .text               c_w.l(sys_stackheap_outer.o)
    0x0000127a   0x0000000c   Code   RO          188    .text               c_w.l(exit.o)
    0x00001286   0x00000002   PAD
    0x00001288   0x00000008   Code   RO          196    .text               c_w.l(libspace.o)
    0x00001290   0x0000000c   Code   RO          255    .text               c_w.l(sys_exit.o)
    0x0000129c   0x00000002   Code   RO          266    .text               c_w.l(use_no_semi.o)
    0x0000129e   0x00000000   Code   RO          268    .text               c_w.l(indicate_semi.o)
    0x0000129e   0x00000002   PAD
    0x000012a0   0x00000150   Code   RO          127    x$fpl$dadd          fz_ws.l(daddsub_clz.o)
    0x000013f0   0x0000005e   Code   RO          133    x$fpl$dfix          fz_ws.l(dfix.o)
    0x0000144e   0x0000009c   Code   RO          162    x$fpl$dnaninf       fz_ws.l(dnaninf.o)
    0x000014ea   0x0000000c   Code   RO          164    x$fpl$dretinf       fz_ws.l(dretinf.o)
    0x000014f6   0x00000002   PAD
    0x000014f8   0x000001d4   Code   RO          129    x$fpl$dsub          fz_ws.l(daddsub_clz.o)
    0x000016cc   0x00000056   Code   RO          137    x$fpl$f2d           fz_ws.l(f2d.o)
    0x00001722   0x00000002   PAD
    0x00001724   0x000000c4   Code   RO          139    x$fpl$fadd          fz_ws.l(faddsub_clz.o)
    0x000017e8   0x00000184   Code   RO          146    x$fpl$fdiv          fz_ws.l(fdiv.o)
    0x0000196c   0x00000036   Code   RO          149    x$fpl$ffix          fz_ws.l(ffix.o)
    0x000019a2   0x00000002   PAD
    0x000019a4   0x00000030   Code   RO          154    x$fpl$fflt          fz_ws.l(fflt_clz.o)
    0x000019d4   0x00000102   Code   RO          159    x$fpl$fmul          fz_ws.l(fmul.o)
    0x00001ad6   0x0000008c   Code   RO          166    x$fpl$fnaninf       fz_ws.l(fnaninf.o)
    0x00001b62   0x0000000a   Code   RO          168    x$fpl$fretinf       fz_ws.l(fretinf.o)
    0x00001b6c   0x00000014   Code   RO          140    x$fpl$frsb          fz_ws.l(faddsub_clz.o)
    0x00001b80   0x000000ea   Code   RO          141    x$fpl$fsub          fz_ws.l(faddsub_clz.o)
    0x00001c6a   0x00000000   Code   RO          170    x$fpl$usenofp       fz_ws.l(usenofp.o)
    0x00001c6a   0x00000002   PAD
    0x00001c6c   0x00000018   Data   RO           64    .constdata          main.o
    0x00001c84   0x00000010   Data   RO          320    Region$$Table       anon$$obj.o


    Execution Region ER_RW (Base: 0x20000000, Size: 0x00000000, Max: 0xffffffff, ABSOLUTE)

    **** No section assigned to this execution region ****


    Execution Region ER_ZI (Base: 0x20000000, Size: 0x00000260, Max: 0xffffffff, ABSOLUTE)

    Base Addr    Size         Type   Attr      Idx    E Section Name        Object

    0x20000000   0x00000060   Zero   RW          197    .bss                c_w.l(libspace.o)
    0x20000060   0x00000000   Zero   RW            2    HEAP                startup_tm4c123.o
    0x20000060   0x00000200   Zero   RW            1    STACK               startup_tm4c123.o


==============================================================================

Image component sizes


      Code (inc. data)   RO Data    RW Data    ZI Data      Debug   Object Name

       396         24          0          0          0       1425   lcd_driver.o
       196         48         24          0          0        742   main.o
       272         22        620          0        512       5328   startup_tm4c123.o
       112          0          0          0          0       1098   systick.o
      2932        166          0          0          0       8434   uart.o

    ----------------------------------------------------------------------
      3908        260        660          0        512      17027   Object Totals
         0          0         16          0          0          0   (incl. Generated)
         0          0          0          0          0          0   (incl. Padding)

    ----------------------------------------------------------------------

      Code (inc. data)   RO Data    RW Data    ZI Data      Debug   Library Member Name

         8          0          0          0          0         68   __main.o
        52          8          0          0          0          0   __scatter.o
        28          0          0          0          0          0   __scatter_zi.o
        12          0          0          0          0         72   exit.o
         0          0          0          0          0          0   indicate_semi.o
         2          0          0          0          0          0   libinit.o
         2          0          0          0          0          0   libinit2.o
         2          0          0          0          0          0   libshutdown.o
         2          0          0          0          0          0   libshutdown2.o
         8          4          0          0         96         68   libspace.o
         0          0          0          0          0          0   rtentry.o
        12          0          0          0          0          0   rtentry2.o
         6          0          0          0          0          0   rtentry4.o
         2          0          0          0          0          0   rtexit.o
        10          0          0          0          0          0   rtexit2.o
        12          4          0          0          0         68   sys_exit.o
        74          0          0          0          0         80   sys_stackheap_outer.o
         2          0          0          0          0         68   use_no_semi.o
       804         16          0          0          0        272   daddsub_clz.o
        94          4          0          0          0         92   dfix.o
       156          4          0          0          0         92   dnaninf.o
        12          0          0          0          0         68   dretinf.o
        86          4          0          0          0         84   f2d.o
       450          8          0          0          0        236   faddsub_clz.o
       388         76          0          0          0         96   fdiv.o
        54          4          0          0          0         84   ffix.o
        48          0          0          0          0         68   fflt_clz.o
       258          4          0          0          0         84   fmul.o
       140          4          0          0          0         84   fnaninf.o
        10          0          0          0          0         68   fretinf.o
         0          0          0          0          0          0   usenofp.o

    ----------------------------------------------------------------------
      2748        140          0          0         96       1752   Library Totals
        14          0          0          0          0          0   (incl. Padding)

    ----------------------------------------------------------------------

      Code (inc. data)   RO Data    RW Data    ZI Data      Debug   Library Name

       234         16          0          0         96        424   c_w.l
      2500        124          0          0          0       1328   fz_ws.l

    ----------------------------------------------------------------------
      2748        140          0          0         96       1752   Library Totals

    ----------------------------------------------------------------------

==============================================================================


      Code (inc. data)   RO Data    RW Data    ZI Data      Debug   

      6656        400        660          0        608      17531   Grand Totals
      6656        400        660          0        608      17531   ELF Image Totals
      6656        400        660          0          0          0   ROM Totals

==============================================================================

    Total RO  Size (Code + RO Data)                 7316 (   7.14kB)
    Total RW  Size (RW Data + ZI Data)               608 (   0.59kB)
    Total ROM Size (Code + RO Data + RW Data)       7316 (   7.14kB)

==============================================================================

