<html>
<body>
<pre>
<h1>µVision Build Log</h1>
<h2>Project:</h2>
D:\College\3rd Comp. and Sys\2nd Terms\Microprocessor Based System\micro\testStudy\UART\uart.uvproj
Project File Date:  05/30/2021

<h2>Output:</h2>
Rebuild target 'Target 1'
assembling startup_TM4C123.s...
compiling uart.c...
uart.c(401): warning:  #111-D: statement is unreachable
                        break;
uart.c(405): warning:  #111-D: statement is unreachable
                        break;
uart.c(409): warning:  #111-D: statement is unreachable
                        break;
uart.c(413): warning:  #111-D: statement is unreachable
                        break;
uart.c(417): warning:  #111-D: statement is unreachable
        break;
uart.c(421): warning:  #111-D: statement is unreachable
        break;          
uart.c(425): warning:  #111-D: statement is unreachable
        break;case UART_7:
uart.c(428): warning:  #111-D: statement is unreachable
        break;
uart.c(430): warning:  #940-D: missing return statement at end of non-void function "UART_recieve"
  }
uart.c: 9 warnings, 0 errors
compiling main.c...
main.c(20): warning:  #111-D: statement is unreachable
        return 0 ;
main.c: 1 warning, 0 errors
compiling lcd_driver.c...
linking...
Program Size: Code=4740 RO-data=644 RW-data=0 ZI-data=608  
".\uart.axf" - 0 Error(s), 10 Warning(s).
